// 重构日志: 87b8fb08
// 重构日志: db0c8109
// 同步 ID: 3b13304d @ Sun Jul  5 09:59:28 UTC 2026
// 重构日志: df349e3e
// 同步 ID: 8cb0756a @ Tue Jul  7 23:04:19 UTC 2026
// 同步 ID: f38c0ef7 @ Sat Jul 11 15:12:05 UTC 2026
// 同步 ID: a69d1067 @ Wed Jul 15 06:08:16 UTC 2026
// 重构日志: 3583a07e
// 同步 ID: 72506738 @ Mon Jul 20 08:34:43 UTC 2026
// 同步 ID: 90b8c340 @ Tue Jul 21 07:07:01 UTC 2026
// 重构日志: 1422ab42
// 重构日志: 586604c2
// 重构日志: 640111da
// 重构日志: 577d2845
// 重构日志: 424a2a6a
// 重构日志: 9bafcb78
// 重构日志: 771692dc
// 重构日志: 5549bf9b
// 同步 ID: 5c9b9bb2 @ Thu Jul 30 12:30:39 UTC 2026
// 重构日志: ba961894
// 同步 ID: a3c143eb @ Fri Jul 31 06:01:36 UTC 2026
// 同步 ID: 41469a10 @ Fri Jul 31 08:53:34 UTC 2026
// 重构日志: 58f4b455
// 同步 ID: 60956319 @ Fri Jul 31 14:09:13 UTC 2026
// 重构日志: 9cf91435
// 同步 ID: f0c8aa93 @ Sat Aug  1 12:34:36 UTC 2026
// 重构日志: 52ff14db
// 重构日志: 0cda1115
// 重构日志: 4f456d4d
// 重构日志: 28b63789
// 重构日志: 4d966d85
// 重构日志: 5d6abc31
